2026-05-11T22:39:06.746852Z [DEBUG] (1) eframe: Using the glow renderer
2026-05-11T22:39:06.836652Z [DEBUG] (1) eframe::native::glow_integration: Event::Resumed
2026-05-11T22:39:06.837444Z [DEBUG] (1) eframe::native::glow_integration: trying to create glutin Display with config: ConfigTemplateBuilder { template: ConfigTemplate { color_buffer_type: Rgb { r_size: 8, g_size: 8, b_size: 8 }, alpha_size: 8, depth_size: 0, stencil_size: 0, num_samples: None, min_swap_interval: None, max_swap_interval: None, config_surface_types: ConfigSurfaceTypes(WINDOW), api: None, transparency: false, single_buffering: false, stereoscopy: None, float_pixels: false, max_pbuffer_width: None, hardware_accelerated: None, max_pbuffer_height: None, native_window: None } }
2026-05-11T22:39:06.854309Z [DEBUG] (1) eframe::native::glow_integration: using the first config from config picker closure. config: Cgl(Config { inner: Config { id: <NSOpenGLPixelFormat: 0xa90da0550> } })
2026-05-11T22:39:06.894482Z [DEBUG] (1) eframe::native::glow_integration: successfully created GL Display with version: Apple CGL and supported features: DisplayFeatures(FLOAT_PIXEL_FORMAT | SWAP_CONTROL | MULTISAMPLING_PIXEL_FORMATS | SRGB_FRAMEBUFFERS)
2026-05-11T22:39:06.894641Z [DEBUG] (1) eframe::native::glow_integration: creating gl context using raw window handle: Some(AppKit(AppKitWindowHandle { ns_view: 0xa90421800 }))
2026-05-11T22:39:06.896605Z [DEBUG] (1) eframe::native::glow_integration: Initializing egui_winit for viewport "FFFF"
2026-05-11T22:39:06.896757Z [DEBUG] (1) eframe::native::glow_integration: Creating a gl_surface for viewport "FFFF"
2026-05-11T22:39:06.904076Z [DEBUG] (1) egui_glow::painter: 
opengl version: 4.1 Metal - 90.5
opengl renderer: Apple M2 Pro
opengl vendor: Apple
2026-05-11T22:39:06.904195Z [DEBUG] (1) egui_glow::shader_version: Shader version: Gl140 ("4.10").
2026-05-11T22:39:06.904289Z [DEBUG] (1) egui_glow::painter: Shader header: "#version 140\n".
2026-05-11T22:39:06.904381Z [DEBUG] (1) egui_glow::painter: SRGB texture Support: true
2026-05-11T22:39:06.90446Z [DEBUG] (1) egui_glow::painter: SRGB framebuffer Support: false
2026-05-11T22:39:06.905757Z [DEBUG] (1) egui_glow::vao: GL version: "4.1 Metal - 90.5".
2026-05-11T22:39:07.027248Z [INFO] starting capture from [0] FaceTime HD Camera
2026-05-11T22:39:08.352616Z [INFO] capture stream opened, format: CameraFormat { resolution: Resolution { width_x: 1920, height_y: 1080 }, format: YUYV, frame_rate: 30 }
2026-05-11T22:39:09.03517Z [INFO] [GUI] renders: 23, frames consumed: 9
